[repasocursosig.blogspot.com/index.html]
[backblue.gif]
[fade.gif]
[index.html]
[repasocursosig.blogspot.com/favicon.ico]
[repasocursosig.blogspot.com/feeds/posts/default]
[repasocursosig.blogspot.com/feeds/posts/default9522]
[resources.blogblog.com/blogblog/data/1kt/watermark/body_background_birds.png]
[resources.blogblog.com/blogblog/data/1kt/watermark/body_overlay_birds.png]
[resources.blogblog.com/blogblog/data/1kt/watermark/post_background_birds.png]
[resources.blogblog.com/blogblog/data/1kt/watermark/body_background_navigator.png]
[apis.google.com/js/plusone.js]
[pagead2.googlesyndication.com/pagead/js/f.txt]
[repasocursosig.blogspot.com/2020/08/blog-post.html]
[resources.blogblog.com/img/icon18_edit_allbkg.gif]
[repasocursosig.blogspot.com/2020/08/gis-intro-english.html]
[repasocursosig.blogspot.com/2020/08/gis-data-sources.html]
[repasocursosig.blogspot.com/2020/08/raster-y-vector-ingles.html]
[repasocursosig.blogspot.com/p/qgis-desde-cero.html]
[repasocursosig.blogspot.com/p/qgis-ver-primer-mapa.html]
[repasocursosig.blogspot.com/p/referencias-bibliograficas.html]
[resources.blogblog.com/img/icon18_wrench_allbkg.png]
[repasocursosig.blogspot.com/2020_08_21_archive.html]
[repasocursosig.blogspot.com/2020/08/index.html]
[repasocursosig.blogspot.com/2020/index.html]
[rf.revolvermaps.com/0/0/8c92e.js]
[repasocursosig.blogspot.com/2020_08_20_archive.html]
[www.blogger.com/static/v1/widgets/3558192218-widgets.js]
[repasocursosig.blogspot.com/index.html]
[www.blogger.com/img/widgets/stats-flipper.png]
[resources.blogblog.com/img/widgets/s_top.png]
[www.blogger.com/static/v1/widgets/3416767676-css_bundle_v2.css]
[www.blogger.com/dyn-css/authorization421b.css]
[repasocursosig.blogspot.com/feeds/1649968620511040222/comments/default]
[i.ytimg.com/vi/K1He9NzZxWk/hqdefault.jpg]
[repasocursosig.blogspot.com/2020/08/blog-post.html]
[repasocursosig.blogspot.com/feeds/6064958623043131381/comments/default]
[i.ytimg.com/vi/_2r43AWi4YM/hqdefault.jpg]
[repasocursosig.blogspot.com/2020/08/gis-intro-english.html]
[repasocursosig.blogspot.com/feeds/4871956232669481094/comments/default]
[i.ytimg.com/vi/VkQ7SljSH3M/hqdefault.jpg]
[repasocursosig.blogspot.com/2020/08/gis-data-sources.html]
[repasocursosig.blogspot.com/feeds/7084428694073168044/comments/default]
[i.ytimg.com/vi/WDDBoTDan7w/hqdefault.jpg]
[repasocursosig.blogspot.com/2020/08/raster-y-vector-ingles.html]
[1.bp.blogspot.com/-ZvyczPTvYOo/X0Mi_GUL4XI/AAAAAAAAj3w/53cKIRc_xisU6iSOJ_aZ5kysKsZ5TIJZACLcBGAsYHQ/s396/busqueda del windows 10 en su PC.JPG]
[1.bp.blogspot.com/-ZvyczPTvYOo/X0Mi_GUL4XI/AAAAAAAAj3w/53cKIRc_xisU6iSOJ_aZ5kysKsZ5TIJZACLcBGAsYHQ/s0/busqueda del windows 10 en su PC.JPG]
[1.bp.blogspot.com/-6qOMqhlP35s/X0M7idgYpVI/AAAAAAAAj4c/FM-BSkWGHcojut2BQM1rvQz1HYnaGSIHgCLcBGAsYHQ/s586/ingreso qgis desde teclado(1).gif]
[1.bp.blogspot.com/-6qOMqhlP35s/X0M7idgYpVI/AAAAAAAAj4c/FM-BSkWGHcojut2BQM1rvQz1HYnaGSIHgCLcBGAsYHQ/s0/ingreso qgis desde teclado(1).gif]
[1.bp.blogspot.com/-cRooM8obTD4/X0M1lPP9VaI/AAAAAAAAj4I/XDoT4vB2Czcq-n7JvJb9-2juL9WtqNMhgCLcBGAsYHQ/s761/icono qgis PI.GIF]
[1.bp.blogspot.com/-cRooM8obTD4/X0M1lPP9VaI/AAAAAAAAj4I/XDoT4vB2Czcq-n7JvJb9-2juL9WtqNMhgCLcBGAsYHQ/w328-h201/icono qgis PI.GIF]
[1.bp.blogspot.com/-nToFHZN3sXI/X0M2naZ573I/AAAAAAAAj4Q/gyA9IW-hcEQFenzxj7A5YV8lPenh8zogACLcBGAsYHQ/s1909/2da pantalla una vez cargada.GIF]
[1.bp.blogspot.com/-nToFHZN3sXI/X0M2naZ573I/AAAAAAAAj4Q/gyA9IW-hcEQFenzxj7A5YV8lPenh8zogACLcBGAsYHQ/w1000-h461/2da pantalla una vez cargada.GIF]
[1.bp.blogspot.com/-NQR7cZdrG1s/X0NAnyAUyDI/AAAAAAAAj4o/2MkwHfYIPC8u-oAxTK2v6ZhEy6nnJwULgCLcBGAsYHQ/s1012/paleta general.png]
[1.bp.blogspot.com/-NQR7cZdrG1s/X0NAnyAUyDI/AAAAAAAAj4o/2MkwHfYIPC8u-oAxTK2v6ZhEy6nnJwULgCLcBGAsYHQ/w800-h165/paleta general.png]
[1.bp.blogspot.com/-jGkzLfzFpFU/X0NDf4F718I/AAAAAAAAj48/s-0FIpUiFnIzo4BXSn1Lf8GMrjw3Fm7LQCLcBGAsYHQ/s512/pizarra-taza-de-cafe.jpg]
[1.bp.blogspot.com/-jGkzLfzFpFU/X0NDf4F718I/AAAAAAAAj48/s-0FIpUiFnIzo4BXSn1Lf8GMrjw3Fm7LQCLcBGAsYHQ/w86-h86/pizarra-taza-de-cafe.jpg]
[repasocursosig.blogspot.com/p/qgis-desde-cero.html]
[1.bp.blogspot.com/-ctZTBiW43yU/X0NE6TiPhJI/AAAAAAAAj5M/yoO7VTzl84IGJgtpdq0Z0qGQ-RGHA3enwCPcBGAYYCw/s761/icono qgis PI.GIF]
[1.bp.blogspot.com/-ctZTBiW43yU/X0NE6TiPhJI/AAAAAAAAj5M/yoO7VTzl84IGJgtpdq0Z0qGQ-RGHA3enwCPcBGAYYCw/w168-h103/icono qgis PI.GIF]
[1.bp.blogspot.com/-REb9MoCfxms/X0NNFgGQ0vI/AAAAAAAAj5w/YVpBXbht_yoRRkjPWh4ImahFNkJgWBoKwCLcBGAsYHQ/s800/mapa wgs84.png]
[1.bp.blogspot.com/-REb9MoCfxms/X0NNFgGQ0vI/AAAAAAAAj5w/YVpBXbht_yoRRkjPWh4ImahFNkJgWBoKwCLcBGAsYHQ/s640/mapa wgs84.png]
[1.bp.blogspot.com/-iKfjFhT2StI/X0NHpMvxY4I/AAAAAAAAj5c/2Pr7ls7DWoABBv7XnOfHaBPj2leB_Hp2QCLcBGAsYHQ/s832/proyecto inicial wgs84.png]
[1.bp.blogspot.com/-iKfjFhT2StI/X0NHpMvxY4I/AAAAAAAAj5c/2Pr7ls7DWoABBv7XnOfHaBPj2leB_Hp2QCLcBGAsYHQ/w1000-h508/proyecto inicial wgs84.png]
[repasocursosig.blogspot.com/p/qgis-ver-primer-mapa.html]
[repasocursosig.blogspot.com/p/referencias-bibliograficas.html]
[repasocursosig.blogspot.com/2020/index.html]
[repasocursosig.blogspot.com/2020/08/index.html]
[repasocursosig.blogspot.com/2020_08_21_archive.html]
[repasocursosig.blogspot.com/2020_08_20_archive.html]
[repasocursosig.blogspot.com/searchdc06.html]
[repasocursosig.blogspot.com/searchdc06.html]
